exports[`Card component should match the snapshot 1`] = `
ShallowWrapper {
  "length": 1,
  Symbol(enzyme.__root__): [Circular],
  Symbol(enzyme.__unrendered__): <Card
    location="COLORADO"
    yearData={
        Object {
            "2004": 0.24,
            "2005": 0.278,
            "2006": 0.337,
            "2007": 0.395,
            "2008": 0.536,
            "2009": 0.598,
            "2010": 0.64,
            "2011": 0.672,
            "2012": 0.695,
            "2013": 0.703,
            "2014": 0.741,
          }
    } />,
  Symbol(enzyme.__renderer__): Object {
    "batchedUpdates": [Function],
    "getNode": [Function],
    "render": [Function],
    "simulateEvent": [Function],
    "unmount": [Function],
  },
  Symbol(enzyme.__node__): Object {
    "instance": null,
    "key": null,
    "nodeType": "host",
    "props": Object {
      "children": Array [
        <h2>
          COLORADO
</h2>,
        <ul>
          <li
                    className="bad">
                    2004
                    : 
                    0.24
          </li>
          <li
                    className="bad">
                    2005
                    : 
                    0.278
          </li>
          <li
                    className="bad">
                    2006
                    : 
                    0.337
          </li>
          <li
                    className="bad">
                    2007
                    : 
                    0.395
          </li>
          <li
                    className="good">
                    2008
                    : 
                    0.536
          </li>
          <li
                    className="good">
                    2009
                    : 
                    0.598
          </li>
          <li
                    className="good">
                    2010
                    : 
                    0.64
          </li>
          <li
                    className="good">
                    2011
                    : 
                    0.672
          </li>
          <li
                    className="good">
                    2012
                    : 
                    0.695
          </li>
          <li
                    className="good">
                    2013
                    : 
                    0.703
          </li>
          <li
                    className="good">
                    2014
                    : 
                    0.741
          </li>
</ul>,
      ],
      "className": "card",
    },
    "ref": null,
    "rendered": Array [
      Object {
        "instance": null,
        "key": null,
        "nodeType": "host",
        "props": Object {
          "children": "COLORADO",
        },
        "ref": null,
        "rendered": "COLORADO",
        "type": "h2",
      },
      Object {
        "instance": null,
        "key": null,
        "nodeType": "host",
        "props": Object {
          "children": Array [
            <li
              className="bad">
              2004
              : 
              0.24
</li>,
            <li
              className="bad">
              2005
              : 
              0.278
</li>,
            <li
              className="bad">
              2006
              : 
              0.337
</li>,
            <li
              className="bad">
              2007
              : 
              0.395
</li>,
            <li
              className="good">
              2008
              : 
              0.536
</li>,
            <li
              className="good">
              2009
              : 
              0.598
</li>,
            <li
              className="good">
              2010
              : 
              0.64
</li>,
            <li
              className="good">
              2011
              : 
              0.672
</li>,
            <li
              className="good">
              2012
              : 
              0.695
</li>,
            <li
              className="good">
              2013
              : 
              0.703
</li>,
            <li
              className="good">
              2014
              : 
              0.741
</li>,
          ],
        },
        "ref": null,
        "rendered": Array [
          Object {
            "instance": null,
            "key": "1482363367071",
            "nodeType": "host",
            "props": Object {
              "children": Array [
                "2004",
                ": ",
                0.24,
              ],
              "className": "bad",
            },
            "ref": null,
            "rendered": Array [
              "2004",
              ": ",
              0.24,
            ],
            "type": "li",
          },
          Object {
            "instance": null,
            "key": "1482363367072",
            "nodeType": "host",
            "props": Object {
              "children": Array [
                "2005",
                ": ",
                0.278,
              ],
              "className": "bad",
            },
            "ref": null,
            "rendered": Array [
              "2005",
              ": ",
              0.278,
            ],
            "type": "li",
          },
          Object {
            "instance": null,
            "key": "1482363367073",
            "nodeType": "host",
            "props": Object {
              "children": Array [
                "2006",
                ": ",
                0.337,
              ],
              "className": "bad",
            },
            "ref": null,
            "rendered": Array [
              "2006",
              ": ",
              0.337,
            ],
            "type": "li",
          },
          Object {
            "instance": null,
            "key": "1482363367074",
            "nodeType": "host",
            "props": Object {
              "children": Array [
                "2007",
                ": ",
                0.395,
              ],
              "className": "bad",
            },
            "ref": null,
            "rendered": Array [
              "2007",
              ": ",
              0.395,
            ],
            "type": "li",
          },
          Object {
            "instance": null,
            "key": "1482363367075",
            "nodeType": "host",
            "props": Object {
              "children": Array [
                "2008",
                ": ",
                0.536,
              ],
              "className": "good",
            },
            "ref": null,
            "rendered": Array [
              "2008",
              ": ",
              0.536,
            ],
            "type": "li",
          },
          Object {
            "instance": null,
            "key": "1482363367076",
            "nodeType": "host",
            "props": Object {
              "children": Array [
                "2009",
                ": ",
                0.598,
              ],
              "className": "good",
            },
            "ref": null,
            "rendered": Array [
              "2009",
              ": ",
              0.598,
            ],
            "type": "li",
          },
          Object {
            "instance": null,
            "key": "1482363367077",
            "nodeType": "host",
            "props": Object {
              "children": Array [
                "2010",
                ": ",
                0.64,
              ],
              "className": "good",
            },
            "ref": null,
            "rendered": Array [
              "2010",
              ": ",
              0.64,
            ],
            "type": "li",
          },
          Object {
            "instance": null,
            "key": "1482363367078",
            "nodeType": "host",
            "props": Object {
              "children": Array [
                "2011",
                ": ",
                0.672,
              ],
              "className": "good",
            },
            "ref": null,
            "rendered": Array [
              "2011",
              ": ",
              0.672,
            ],
            "type": "li",
          },
          Object {
            "instance": null,
            "key": "1482363367079",
            "nodeType": "host",
            "props": Object {
              "children": Array [
                "2012",
                ": ",
                0.695,
              ],
              "className": "good",
            },
            "ref": null,
            "rendered": Array [
              "2012",
              ": ",
              0.695,
            ],
            "type": "li",
          },
          Object {
            "instance": null,
            "key": "1482363367080",
            "nodeType": "host",
            "props": Object {
              "children": Array [
                "2013",
                ": ",
                0.703,
              ],
              "className": "good",
            },
            "ref": null,
            "rendered": Array [
              "2013",
              ": ",
              0.703,
            ],
            "type": "li",
          },
          Object {
            "instance": null,
            "key": "1482363367081",
            "nodeType": "host",
            "props": Object {
              "children": Array [
                "2014",
                ": ",
                0.741,
              ],
              "className": "good",
            },
            "ref": null,
            "rendered": Array [
              "2014",
              ": ",
              0.741,
            ],
            "type": "li",
          },
        ],
        "type": "ul",
      },
    ],
    "type": "div",
  },
  Symbol(enzyme.__nodes__): Array [
    Object {
      "instance": null,
      "key": null,
      "nodeType": "host",
      "props": Object {
        "children": Array [
          <h2>
            COLORADO
</h2>,
          <ul>
            <li
                        className="bad">
                        2004
                        : 
                        0.24
            </li>
            <li
                        className="bad">
                        2005
                        : 
                        0.278
            </li>
            <li
                        className="bad">
                        2006
                        : 
                        0.337
            </li>
            <li
                        className="bad">
                        2007
                        : 
                        0.395
            </li>
            <li
                        className="good">
                        2008
                        : 
                        0.536
            </li>
            <li
                        className="good">
                        2009
                        : 
                        0.598
            </li>
            <li
                        className="good">
                        2010
                        : 
                        0.64
            </li>
            <li
                        className="good">
                        2011
                        : 
                        0.672
            </li>
            <li
                        className="good">
                        2012
                        : 
                        0.695
            </li>
            <li
                        className="good">
                        2013
                        : 
                        0.703
            </li>
            <li
                        className="good">
                        2014
                        : 
                        0.741
            </li>
</ul>,
        ],
        "className": "card",
      },
      "ref": null,
      "rendered": Array [
        Object {
          "instance": null,
          "key": null,
          "nodeType": "host",
          "props": Object {
            "children": "COLORADO",
          },
          "ref": null,
          "rendered": "COLORADO",
          "type": "h2",
        },
        Object {
          "instance": null,
          "key": null,
          "nodeType": "host",
          "props": Object {
            "children": Array [
              <li
                className="bad">
                2004
                : 
                0.24
</li>,
              <li
                className="bad">
                2005
                : 
                0.278
</li>,
              <li
                className="bad">
                2006
                : 
                0.337
</li>,
              <li
                className="bad">
                2007
                : 
                0.395
</li>,
              <li
                className="good">
                2008
                : 
                0.536
</li>,
              <li
                className="good">
                2009
                : 
                0.598
</li>,
              <li
                className="good">
                2010
                : 
                0.64
</li>,
              <li
                className="good">
                2011
                : 
                0.672
</li>,
              <li
                className="good">
                2012
                : 
                0.695
</li>,
              <li
                className="good">
                2013
                : 
                0.703
</li>,
              <li
                className="good">
                2014
                : 
                0.741
</li>,
            ],
          },
          "ref": null,
          "rendered": Array [
            Object {
              "instance": null,
              "key": "1482363367071",
              "nodeType": "host",
              "props": Object {
                "children": Array [
                  "2004",
                  ": ",
                  0.24,
                ],
                "className": "bad",
              },
              "ref": null,
              "rendered": Array [
                "2004",
                ": ",
                0.24,
              ],
              "type": "li",
            },
            Object {
              "instance": null,
              "key": "1482363367072",
              "nodeType": "host",
              "props": Object {
                "children": Array [
                  "2005",
                  ": ",
                  0.278,
                ],
                "className": "bad",
              },
              "ref": null,
              "rendered": Array [
                "2005",
                ": ",
                0.278,
              ],
              "type": "li",
            },
            Object {
              "instance": null,
              "key": "1482363367073",
              "nodeType": "host",
              "props": Object {
                "children": Array [
                  "2006",
                  ": ",
                  0.337,
                ],
                "className": "bad",
              },
              "ref": null,
              "rendered": Array [
                "2006",
                ": ",
                0.337,
              ],
              "type": "li",
            },
            Object {
              "instance": null,
              "key": "1482363367074",
              "nodeType": "host",
              "props": Object {
                "children": Array [
                  "2007",
                  ": ",
                  0.395,
                ],
                "className": "bad",
              },
              "ref": null,
              "rendered": Array [
                "2007",
                ": ",
                0.395,
              ],
              "type": "li",
            },
            Object {
              "instance": null,
              "key": "1482363367075",
              "nodeType": "host",
              "props": Object {
                "children": Array [
                  "2008",
                  ": ",
                  0.536,
                ],
                "className": "good",
              },
              "ref": null,
              "rendered": Array [
                "2008",
                ": ",
                0.536,
              ],
              "type": "li",
            },
            Object {
              "instance": null,
              "key": "1482363367076",
              "nodeType": "host",
              "props": Object {
                "children": Array [
                  "2009",
                  ": ",
                  0.598,
                ],
                "className": "good",
              },
              "ref": null,
              "rendered": Array [
                "2009",
                ": ",
                0.598,
              ],
              "type": "li",
            },
            Object {
              "instance": null,
              "key": "1482363367077",
              "nodeType": "host",
              "props": Object {
                "children": Array [
                  "2010",
                  ": ",
                  0.64,
                ],
                "className": "good",
              },
              "ref": null,
              "rendered": Array [
                "2010",
                ": ",
                0.64,
              ],
              "type": "li",
            },
            Object {
              "instance": null,
              "key": "1482363367078",
              "nodeType": "host",
              "props": Object {
                "children": Array [
                  "2011",
                  ": ",
                  0.672,
                ],
                "className": "good",
              },
              "ref": null,
              "rendered": Array [
                "2011",
                ": ",
                0.672,
              ],
              "type": "li",
            },
            Object {
              "instance": null,
              "key": "1482363367079",
              "nodeType": "host",
              "props": Object {
                "children": Array [
                  "2012",
                  ": ",
                  0.695,
                ],
                "className": "good",
              },
              "ref": null,
              "rendered": Array [
                "2012",
                ": ",
                0.695,
              ],
              "type": "li",
            },
            Object {
              "instance": null,
              "key": "1482363367080",
              "nodeType": "host",
              "props": Object {
                "children": Array [
                  "2013",
                  ": ",
                  0.703,
                ],
                "className": "good",
              },
              "ref": null,
              "rendered": Array [
                "2013",
                ": ",
                0.703,
              ],
              "type": "li",
            },
            Object {
              "instance": null,
              "key": "1482363367081",
              "nodeType": "host",
              "props": Object {
                "children": Array [
                  "2014",
                  ": ",
                  0.741,
                ],
                "className": "good",
              },
              "ref": null,
              "rendered": Array [
                "2014",
                ": ",
                0.741,
              ],
              "type": "li",
            },
          ],
          "type": "ul",
        },
      ],
      "type": "div",
    },
  ],
  Symbol(enzyme.__options__): Object {
    "adapter": ReactFifteenAdapter {
      "options": Object {
        "supportPrevContextArgumentOfComponentDidUpdate": true,
      },
    },
  },
}
`;
